case decode
decode - error
decode 00 40
decode 02 error
decode 40 40
decode c0 40
decode 80 40
decode 42 40
decode 41 40
decode 50 error
decode 5000 error
decode 5001 error
decode 500080 500080
decode 500081 500080
decode 50ff00 40
decode 50ff0100 500000
decode 50ff01ff 500080
decode 50fffd0000 40
decode 501fffffffff 501fffffffff
decode 5020ffffffffffffffffffffffffffffffffffffffff 5020ffffffffffffffffffffffffffffffffffffffff
decode 50fe00000000 error
decode 48 error
decode 4801 error
decode 480000000000000000000000000000000000000000000000000000000000000000 error
decode 48000000000000000000000000000000000000000000000000000000000000000000 48000000000000000000000000000000000000000000000000000000000000000000
decode 44111111111111111111111111111111111111111111111111111111111111111105 44111111111111111111111111111111111111111111111111111111111111111105
decode 4c11111111111111111111111111111111111111111111111111111111111111112222222222222222222222222222222222222222222222222222222222222222fd0000 4c1111111111111111111111111111111111111111111111111111111111111111222222222222222222222222222222222222222222222222222222222222222200
decode 4a0140 error
decode 4a014000 40
decode 4a0000 error
decode 4a024001 error
decode 4b0140014000 404000
decode 491111111111111111111111111111111111111111111111111111111111111111014001 481111111111111111111111111111111111111111111111111111111111111111014001
decode 600000000000000000000000000000000000000000000000000000000000000000000000 40
decode 600000000000000000000000000000000000000000000000000000000000000000000021 600000000000000000000000000000000000000000000000000000000000000000000021
decode 600000000000000000000000000000000000000000000000000000000000000000000021ab error
decode 6000000000000000000000000000000000000000000000000000000000000000 error
decode 400707070707070707070707070707070707070707070707070707070707070707 400707070707070707070707070707070707070707070707070707070707070707
decode 40070707070707070707070707070707070707070707070707070707070707070707 60e0e040d7365429772c571fa639b9f848a45ac2228565ae3b3a2177f3c79acf4c000021
decode 7f error
decode ff error
decode 020000000000 orchid - - - null
decode 0200000000 error
decode 020000000100 error
decode 0200000001ab error
decode 0202000000000000000000000000000000000000000000000000000000000000000000000000 error
decode 020000010000001111111111111111111111111111111111111111111111111111111111111111 orchid - 0011111111111111111111111111111111111111111111111111111111111111 - 11
decode 0200000300080f11111111111111111111111111111111111111111111111111111111111111111111111111111111111111111111111111111111111111111111111111111111aa orchid 00001111 1111111111111111111111111111111111111111111111111111111111111111 1111111111111111111111111111111111111111111111111111111111111111 aa
decode 403bd3a1c61dd88b13186a097f65ab8c90ad03566dd8054ba2a0d51c5611 403bd3a1c61dd88b13186a097f65ab8c90ad03566dd8054ba2a0d51c5611
decode 58562bc8d8e305d685c9 error
decode 4f61d0a0b8402e0e94f51b4a32e13704fb8971fc62f16d99b567483cc5 error
decode 7f2ec70e0e76c27166ef4661457c5cb18d0080ff222fa940613efdbb5891a4220f3ea1b7c8eaf9ce8ab459f33764e27195 error
decode 02cd5b37d3a64da784e4284305a7afff1e15134b373eaf7fa541b71295568af755e042eef6fb636e76de4afddac359b80040733223fd2417c08032ff3b error
decode 4f145f79d40acbf009ca5a8e4bef04286dfc837e47891ee53ea2b42e error
decode 00a434 40a434
decode c0a775bdbe6f501ef930299b594fdb3023 40a775bdbe6f501ef930299b594fdb3023
decode 4a471fe760d4542ac23182115071bcbcfaa3b9e3398bfc4487b1 error
decode 4fc9f0f86a643c0f3316c6afa7f34b426cf4faa3288edf7b36bb892ad9d330768a71fef9fe2f80fc8d2770cc7c36fa2bcffd310861e81786 error
decode c0f639707c8304d7fc39859fe9982295df005cfa9258dcea844b1cc4632f8a5ac9307bc204ff05925f03dfeb 60c83d8ff182e7100257557fdc36688dd72ec5b66b9a60786a73128b2b1eef1ec300002b
decode c0f94e243cdc2ad156ceb7722a4234a27f394ba7cc10c98018c0a141cfb7 40f94e243cdc2ad156ceb7722a4234a27f394ba7cc10c98018c0a141cfb7
decode 70cf3f925a3dd35dd615aac9cef037a98622e6dc8fb67d330d6a90dde5f5fea7411ecfec3404a16ba97098ab3dca353ee19af56a308d error
decode 5ceb30bae1be14936a70be8d011e94f6e1a780d9e31833be4a730f0d56e06273ad3763ce2b6b6e3d896de06132fa210dc31f5e648e587c0f error
decode 008c6d5f9613a5ea9b492134d1c088b4cbf998e1724aef 408c6d5f9613a5ea9b492134d1c088b4cbf998e1724aef
decode 0052af6f0ed719 4052af6f0ed719
decode 00f859552d08 40f859552d08
decode 7ffa7ff4a573a32dace243e58edcd0d4fc56e714bfc3894dfb0c10a06ff0f13bc7b153446e3872615da63f5904bb15ccc8 error
decode 60164a9bf0e0d3765841e3f494f2ccf2b3c4f0ed9129a86597 error
decode 4aba88cb9b61cc075afad271a212587b3767ab146806da885e1b661547e9aaaad03c0bc119d484a24eb79e5a1a311551f71f370b51b450770623937a9c5ea4801b4e error
decode 40a6561f19937f24c6c4fba5a752ddb09f181203046ccb596d93d528df1cb42a70e2ec4b65 60841ecabeddc023bbd8a3ea737144c1af4ec144fce884f5cba696a78f0855b2e7000024
decode 48a24f15b9ecc95e6a21727eb057a44b99c2a4c508fb9fb48dded456e4d662c2c52a493a7dc9b4904e68a4458fda 48a24f15b9ecc95e6a21727eb057a44b99c2a4c508fb9fb48dded456e4d662c2c52a493a7dc9b4904e68a4458fda
decode 7f518b3ea80b1db887f406fc54aeb723a65bd4a05435047e63a850eeaec08777199dcc05d43e29e6 error
decode 50c8cc6eb83e86e41e0a9a00a7ea1c6089683b2f930b8b7d09b61d446c4ddf1a2db1409141958a24bfb562552bc6947873a08eceb9 50c8cc6eb83e86e41e0a9a00a7ea1c6089683b2f930b8b7d09b61d446c4ddf1a2db1409141958a24bfb562552bc6947873a08eceb9
decode 7f4ef6d2f6dc1d6a778663b775f78e8d4e4568d98a17473249fafa1db3433999f232c915aa1a1c74d005ab5e error
decode c0b5755c91650a4e46b6abbd0d30ed2b29e9e7e5a2348f2aafc6e55b87cdbcc52de60eba8368525571f7750d0d41f924bfef6a257accea7950c84283b16b705f6c0c7406739132 60ba72a844cd8330943ec0ba4e85e8b9b90bfccb36d4c9f105f64abefad17904dc000046
decode 5cb5f5aebb25c55a42c9ac686d08fe5eb78b error
decode 00743a94 40743a94
decode 70f2b946c84920fbd36458670e4cc63f5a143051138a93b60690a3b60e1959ee2688bd31b02aedb22b6305e872bf5f374b14042f18c4f7884a7c28 error
decode 48ddd92c28f27a8b59bef3407b8ea82f95efbc5bffd588ea16ced03c18a463795e5a83ec99281d197b74bda0199624f87f36f39e40794d87f9 48ddd92c28f27a8b59bef3407b8ea82f95efbc5bffd588ea16ced03c18a463795e5a83ec99281d197b74bda0199624f87f36f39e40794d87f9
decode 4a6564543d053775fe2ec246846e7eda4f5cc21590d3d98e23b6cc9788 error
decode 028519a7f241e0eb6d88c6d5134724138940cdb32a28eae1be055d7bf67603f759e652a7046a5959ba1853fedebf8033b7 error
decode 4f539c9fe6134d43b2935fb413ab3a39ffc4afa18dc515e739c2 error
decode 413e1b6d0324b7741598fd42d23ad9b72b9bc9f6c4063711cd 403e1b6d0324b7741598fd42d23ad9b72b9bc9f6c4063711cd
decode 41e53372dabb6513ffdb6735ce50d599b1c0740fa0d743869f09a06e12b73d83f2cd686d0b81b68ae4ab3952dc91652f196d983aeb78bf72f57743 60946d36373704c136555ffb9d9b90284f97b496315c8d4634f66e010d172689a600003a
decode 487c20e068a349161d7efd83596a60b029d8ace89571abc560dddd917b483105cb84233432e877ee1671cb5e626a5a5b201b362baea76716e240d33d1146eaa65942 487c20e068a349161d7efd83596a60b029d8ace89571abc560dddd917b483105cb84233432e877ee1671cb5e626a5a5b201b362baea76716e240d33d1146eaa65942
decode 02cebc62f813206f3f2174a2d9c2f223d69d17a50e8f0161a9eda844276bd190cee1ec1c8509392fe9057b711e26ee84832d62c2fa5b32d5518786328f7954 error
decode 4a5e38bf49af25373d2df73db232489512a418b2229edfa5277eac12 error
decode 58ae8ede1a150581ba0b1ac741179f7fe25bed81bd28e220e7df7d0332583a8d1c52c69fb62d2f882ccf191554f6cc1124 error
decode 580ba9 error
decode 60f436b1d8bbbfd00e20ec527cf0f316d92b85d10d9a0acd321134773cf113fe6ea7af7c6920 error
decode 026c4417d5a6 error
decode 4c14e51460058022dc016fb543b294459f9918f0f90fda9fcee5cd4b1f343ca127f6def4ad4ada11a09fdbc30e24 error
decode 5c87335d7ad8cab32315669995b81709c4f43a33da5019d6ac21a11739acb05e error
decode 6074637c84b39b13e2858b7ba2a6feda87d135dfd4bfe0a7fb54c8f6c83a6f0bcff21f35903b6fd42f error
decode 70ff9a6220cab2bdd0a4e008665f096a07638579c0b6d6319f56248ef2b8df6814d1b7daed5dd8519b5e error
decode 5c614be9b1fca22a56f943a4a3da010b error
decode 70 error
decode 4065210d0cbd3a053bdfe9814a5606afa58c204b3ac313b1f3e4983ebff2ee6b97846a34969fb37b0b07cbba53315c962b 60753a91e18e529e356366bf4e8f9147d19763b2b018f059a1002e5a1872c87def000030
decode 413d41cab0b9a65f 403d41cab0b9a65f
decode 006fd9717410d02a445fbe06edfca354b4f8f98ab4dd2f6034671128b9ba40f58a28a822e8e34770e45c52a73d88d4044b15b070fcbffb 60881f8654faa888fcd510c063cf22d6cbea6695710816a2e84f408f029c866308000036
decode 5c1075dc9e238e1c7844eaf74b8109afb32048b71cadd42404be0d909b2fd6babd7c40aa0bf49f6e7f57a512fa1850d17ce09e013594334d0c3b4af281443d error
decode 4cec1dae58e541d068b4805a9fc9f31afff904ea4d14a40595cd546f33b2656bd067fa74adab88472781cda461f0e8e97c53cc8effdd error
decode 4825712c86bc9663f0426472fa313ebf848eca5ccd0e9014c50571b705e6daa17e53a4f604568fc0beb8e7963674ee618d4dbf6c35924de449b95fdc65ef2fa4cc83 4825712c86bc9663f0426472fa313ebf848eca5ccd0e9014c50571b705e6daa17e53a4f604568fc0beb8e7963674ee618d4dbf6c35924de449b95fdc65ef2fa4cc83
decode 42549d61d011536085bbd2c4451c208006813a786e64e671443259acc90869834e6f6c6ed0d71b539ec7fa6060848d9a 600ec0c7005c9277e6e4d833a1a8de3dbb7938ca7d5314630132d4332073020bda00002f
decode 4fd6dd5db54bdfd0ce627732e9bd89aa9f43474963950b795ce6643453e6 error
decode 4f354f6759806dc30021580ee458c0530f080449a862fb155e5f378ba77bcdfb9dfa97cecd0a1caea2afa311c8d24bdab64ef21d3086f5c5c62ff56e error
decode c0b84fd62b6d4b0726ea59278d7f4e6b9463 40b84fd62b6d4b0726ea59278d7f4e6b9463
decode 5c9f9cfeb3f3b8d9916b657d error
decode 7019787726395a640c5928313c0c6ac7921726914bda9efe99a5e3dbc6ec1a674b6bda74b53e67f61e1b128a0b0a1299a11fb0ccf8526a0338bb639ff4867a10342667ea309008 error
decode 0274cff0fbd4430c540ca4e6b50ea6a81f08e23c63a5e7eea3213edb9c458eccfa9302baf9ade8 error
decode 41344a8eb8a6b2dfc398def944fc627079091ede71c1a16ce9ab55d1d5130ad0d31d 6066fcc4c9e61ce00a7d01a4772aa677d91b088ad54d2b7bb1ac0cb1f02bdbc159000021
decode 009655e8c3c02fe4eb1c96e1bca46e7b6f221f38ed196f1d73cdb81056271ad5aded53c9d6bc13e6dde118f59c6358ae70a29a8c0abadbc885abab1c 60fb27fb15a97c66a2aafefe135cc65f4fc50dcc620df18b30fca04feae708222c00003b
decode 5874352ebb5304a7962d89ad824be2c678af59855f72af9b3058d5a518108910f70abcce0ee55e2c error
decode 41c003536658df2c49875f42996e 40c003536658df2c49875f42996e
decode 50dd40af7a31cdf5b3a19f255081cbaaf69182dcb2ca96b4071ed6c7209a0e7ae525650fd6d7c492737fab9b1d4579fa543d1689e480d498e21a4dbfe50bc09ca2d4c97f 50dd40af7a31cdf5b3a19f255081cbaaf69182dcb2ca96b4071ed6c7209a0e7ae525650fd6d7c492737fab9b1d4079fa543d1689e480d498e21a4dbfe50bc09ca2d4c97f
decode 4cf4ece8f90815a71339593bf0db0a1ecc29868defb5a8daf4eba25466f8bfebedb1546d370639f270 error
decode 488de798a7a00b2f57f50dde233ef399ebfcc84b85a45555 error
decode 503263735816f71136de4b90ca99d45e01a9d8499a7124f823c05dd78949ec2b6e4828b7f6ef28260f6eb4d2621f3522c61b90f8d0e75432c6816d 703263735816f71136de4b90ca99d45e01a9d8499a7124f8007dcc1d7739eb883a151c3f79f5f41accf39bb8a26cfdf06f7cc40795ae89a3aa000022
decode c0ba714d97d334fc 40ba714d97d334fc
decode 4ab76ab6291f8302c4ffbd6557fc35c9f9b35255ea936f934534ebe2a1f5c4d2a35681c9b1b2fdbf4dbc210e1af7e10b error
decode 423d90fdead9032fade29da9950241b221b5cd1ea03dba 403d90fdead9032fade29da9950241b221b5cd1ea03dba
decode 403a9f6855ad6fc6ee606b05a591dd99317c4f89d6263b636e9849dff67d3f 403a9f6855ad6fc6ee606b05a591dd99317c4f89d6263b636e9849dff67d3f
decode 022dd8aa810495eeda2190fe55a7dd1d9c1a88afa49400612d27b0b91f41e4d772736fbbd54deacb93dac4416de1b7d6a8e18bc5a4cc66264bb8a858f41403a62e2f error
decode c05ff61db4412b294923f6ed0567a856f0dafb869976e327fc54af84c82f327583fdcbb5cf720f0b5ceda51f1371529cf17bc142dabe 601f5298e4967f74751269ad087519ad7d16ecddb4a3f185d167742fa254a1bbb7000035
decode 41dc5a6c4431ba2209cbd9212a446ecf288111 40dc5a6c4431ba2209cbd9212a446ecf288111
decode 70d488ebf171a5e021b6af5becf5 error
decode 5c28664a1366d76232a9b9cc71102858e1a0a6af9e89142a55ad554d2c6b6be75d90 error
decode 7ff3e0d166adfcf22b9c3520fcf5490e7bb99b01e8b826e0337be5247c289161e54492e8518c652228f6277f1d7d08fb2c4af544e2e31cb04f62bbbc60f068920d8f3225b92615 error
decode 404fed4c5e3bcb1f21b7b0c4fbf2f0120c9c4ba43d8b48626fd78f98476679b30c761807 6072d53837f4af48edb37a9da7cbd7d8e274304607f31931f416beb89b9cba3b6c000023
decode 0255dad899476e99d2cba3009bc6cf590b error
decode 60afd5 error
decode 4161123a86a241b842 4061123a86a241b842
decode 4888ee443186e71f52b244dc0248536df7ce85b764ca6498bd9be9a4ed53ae287050b4c059d03aa873f3c6af8ea2a16d8d10e28cb3d3833e69804636da5b40 4888ee443186e71f52b244dc0248536df7ce85b764ca6498bd9be9a4ed53ae287050b4c059d03aa873f3c6af8ea2a16d8d10e28cb3d3833e69804636da5b40
decode 4202c8f65b192ae2d9978c9295563e7c4c0892394f4e5913ca3223dedd155b54a506767e337e2cf1e954cdf09bf21c9e82cd1a119101 60db3fb2c5b56b03b763c9f59452e87c0b8c8996d9eb8998d9bbac43f371ce86db000035
decode 7ff61b54ea error
decode 508e2559b6d260936e2089c050cf error
decode 7f73438c7250d9d043bf9330b3f5bed13ab041915f195a6af421493b98b7879302c2618e33ef122dac82ff187152 error
decode 58b32a4c074c0da9e29d6b4ca9e3ccd3198eafb94f3e064f49faaa1baba2af9d4246d9e6ae4cc9e94fbe9b9e0b8640a6 error
decode c06d60d08099a76d84a44a8a5f61ce485509a88f88688733613cd5e74024a2d983ff5bf96e185697e3b3b0b0bdb24a516cb04e1246 601084d87c218541c7abedf069d08340577b8656a695a1c08f1115d3a78af59b06000034
decode 4a4353ff9a8c1ba9a5cc error
decode 4a21ab1dac74810ee0b17f2c222d6ed6cb0a4c961a3425a72bd1c8d2298cb59f69beb4edf09403c5ffe25c9aac279f6acf83e896cca1 error
decode 48d4f2c5527b5088d72499ee4f5a4c7c1af1dc3e2741ed97adc6cedbf2e84335b3b26110cd6c31c0d662e344bac769093bf307 48d4f2c5527b5088d72499ee4f5a4c7c1af1dc3e2741ed97adc6cedbf2e84335b3b26110cd6c31c0d662e344bac769093bf307
decode 4f18a3e5ff5d54bf9a474d7b8ea4482707a767b8bfa915b01f67d5b9da9bf5435957572fe91455ec4b36 error
decode 48733f50e57640e7a599407c1f1645d82e1f3488d77a494d946fea0209d8f1bdcf146563487120ca480c2c7659624d5572dfb2f710375c34cb0d04f5 48733f50e57640e7a599407c1f1645d82e1f3488d77a494d946fea0209d8f1bdcf146563487120ca480c2c7659624d5572dfb2f710375c34cb0d04f5
decode 408c87c0a0a0fa9116fe611f4632d4bfbe9414fa69ca68 408c87c0a0a0fa9116fe611f4632d4bfbe9414fa69ca68
decode 42780d771399495a5d0416a3995932404b285ae8028b369774fa1cd9780789d57eb7473634db35a4fa3c17da555ff27f830a7d4717d776aec1 60f4a953c2760f3b86efc9039f556163e1ecd6bdbd12478f09f83e1b984ceb322f000038
decode 507d378fbd17cc61247b1ff1b244ee34a7553f6872 error
decode 00d3f1db3e377ef9d4c71f0cc6ef73861c68ee4d8ca61edee1954cd11be6d63ed9424c55f67eac862bd644d1f667a9e9b4d6154698 608bb7e807be7e94d31804ead8cdbd7c3829d85457a5bcebbc8e8cf56d49d78b84000034
decode 589b813642da533e00e17dcb973503944934e637ed32d937 error
decode 42f0ab2dd137cec3a2267ca0282714d96421 40f0ab2dd137cec3a2267ca0282714d96421
decode 4cd79e427bb3d268e1062ac27cc0de5a4b8bcca806a38a5663c4ff58e6f27dce387718492b26d1635194aa21e2e4b00661db140b138ab24812c1ba7cf6 error
decode 0207a10ae15d1e error
decode 00b6641339b29ad4857a5a28b27bc6ad7f063bd37bc7cfe506eae9a3e68c9bd17de45c11fcef91499eda6c51163b972807e64766b3c87e339f7a 60d1947fe2830be25c5805e4df2a0226905a7fc66ea169ff0fd47849530ad5f7ce000039
decode 5cbb898ce8cbd4fdfa756286de70bfa372ce01031275298f14aaf77c114313387412fc46615a281506957b45ba75166e21948fb7bba8a183a8d7 error
decode 41146d577d431de21d87f702f461f777194c348aa34a430149af82539b6c19af6293d6fe770b7016129a20ecef620e748330131bab 60a93dab0f39aca754590c96853a60f7bf960f860ffb42ee60778f49f9544920b9000034
decode c02c59ccb32d9951d22e533b7183a814c69cf78627e916896f1f46 402c59ccb32d9951d22e533b7183a814c69cf78627e916896f1f46
decode 50fc2f03f02123f9071d4d8e551c53933fd7aceb8963cad1310ddde739bca6143e94cc017abf778a04be0aaeb24c0949c591cb40c6aa513b4103 50fc2f03f02123f9071d4d8e551c53933fd7aceb8963cad1310ddde739bca6143e94cc017abf778a04be0aaeb24c0949c590cb40c6aa513b4103
decode 4a553bea114c316b049c3af22465856ee9e833 error
decode 4afdd16b0572ec8aa88310db4ad6b71aaa2e21384447435d28546e error
decode 42cfd3fb9bf45950cf93df43c85859b513904dbec611c0d6cfdb39846ff4216676e9d001 606664e9eda04453261bd998ea9ba84a2daa92bea7e65e42b3b594cf589ef5fd0e000023
decode 02ed7f5fa6a2eebd5a39ccef063e15ea9b127833c52a07718fa637a394739ff36e4fed5f3b76b74ea185c0360f error
decode 4a1d189cf4dda50aceb4e91ad828ed88889044b5 error
decode 42bc3689faf04e2cf3a2497655a7c4ff4db24d9a38279b9190d78b 40bc3689faf04e2cf3a2497655a7c4ff4db24d9a38279b9190d78b
decode 0209195a6682b5f247565aa6d441ddd856edeb59a18100d18e32ecb0e2fdc4a80afdf4231bb3578a8f9a5b1c8e8413e868445738692724e65a452df3ebb9c2 error
decode 406daa30ee 406daa30ee
decode 586b9657f3e632f243f4c8b7f39b332a533db9b2981606e4d40c5cef71bae1a3edfdead814335322f62702 error
decode 42280bce307ba57ce92b4043709b2d794625ffe854e1036a8ad23b15b208bb35ef9c385d5015e720ae36d3501d26 609341d99133f25cfc7cb8d9e3c2f89626a8be14938a8181cdb2daae1b4cc4379000002d
decode 02acf9983d7acb6b405639c75f516d8d96df2eeec71482f220cba26243a859db error
decode c0d9c07af577fb8dda0d8650d27f2efcd69eeaadb5854def9c176fedeeb65e2c 40d9c07af577fb8dda0d8650d27f2efcd69eeaadb5854def9c176fedeeb65e2c
decode 6012f7393b18c201591cadd6e0e5a342 error
decode 4f8d88ba error
decode 58c5b7d8757cabf0999b0baa145a1223edfe297cdcf19a0d498633ba60 error
decode 70abbc883947d928bf3768bc1302abd15a506a44fd2a5bf9044ba975bfccb6e42cbdcd8d7c2b035df4876e77d23899e6 error
decode 4cbac757143ac2b20fca8c67905a02f6f57352c42ce1933bf4a5 error
decode 423d1b74b6d3b49f67ee4066287166147b03ceea7ed65ea20e6a76c0b6df92a798ee3c0e61fc9d4ba3d59a492c86110d92860cfe58eb6014b7d7f03f60 60b5074795331a678c231e1415f1b1d645c0c2a0d618dd50410307d78b71fcd90b00003c
decode 4048210dc18fb111d892ee9d3f4d58c85f10eb2d9aeaa488cb1082f6bef53b791ad964875a9bdc0995f0903653add071209a97576fe408c1ca0b 603d78eb54294f364860e34916abf52a2023ea3c09dc1d58715cad4e74a66c5242000039
decode 609b722fe675c6f81d83e8acb82b958a error
decode 4a0e0f031a99f64b8dd2 error
decode 5c3ed9bb2591b8ef268a8fc38cd3d337360472bc6bc9a5ee83d0806abd15857edfcca7d66b error
decode 40ab14fc38fbc9345419151ebd407b4afa35d6b8b72956403f4878fade3371d62beafea64e3a7d9a0bb5e6342996115631d892bc2645fb596331e92aaca9b24f24f2 609629b07bfb9199b972d18804601e043f37023484346950c46da1df4c9332b70f000041
decode 58fecccf6b86c39823959c4e2e9c83136853a39acd87cf945bd164c23d error
decode 421d07ca8fc8 401d07ca8fc8
decode 426b26dec55a0f78e7b165f59a02c0a57ed914eeee3c38bd31e6b8fa 406b26dec55a0f78e7b165f59a02c0a57ed914eeee3c38bd31e6b8fa
decode 7ff917088e6ae71413a6 error
decode 410384af0fd72e75d7da4b4ed0e5ce15db40b5b51e0c8e4b0322727c8ef33393ce2df7051b12685b574df8d251c8863073e4 601eb85e3d27b24d5bda26fa844bb9739100aacdbbed39b78b6777822ec5c15c57000031
decode 00705044a40331695ba1cfdf83e275b13b8ef5d146 40705044a40331695ba1cfdf83e275b13b8ef5d146
decode 48913aeb85e44a3f8274cf5e7a6747dec70513dc6fa6001721d5a1088265dcd703a3888968d35e7e5360610461930b47a4bea33a2ed07d98b3adfaf65ada69f868561043 68913aeb85e44a3f8274cf5e7a6747dec70513dc6fa6001721d5a1088265dcd703a3e7d95c3e7a8f01e31dea8f43d19f75136785f06a56f058968200aa604b72bbdd000022
decode 41524895cbb959c209bb7bda78807f0f3969e062b240b8dce7e9f574961a9e4cacf21d97849c71ff6f26979603b31994d851efcc8d8407819b3d990894cef61e66f1 606e9b9dea7051f6846a0f6950061562b0638c5abbc7c1d754bb7c7d6c1e2eeaa2000041
decode 5cfdad71ef099974346708fc00d7149ebf02b15608c835b4f68995fe0879cd53618991c1fc80d6a3aca67625d3942b1b219b error
decode 4f606f85924ab7c57b72666ca31f93cb413f53e1c50e531d8c162a9986f99f3cb691d6c0d8fbd78808728dec error
decode 6031c1c9663aa8f32320a66ceb5668f17797c6842a05e2237f8a7351aac9ea84803b error
decode c0ad5cc90e8e 40ad5cc90e8e
decode 0248a7de7610 error
decode 4cb0cc684ada86eaf7c832519d7f error
decode 02c7844dbda0 error
decode 4fb1e1600cdee8f403de60676b2e049c94c428faaa0318c6f9116d5ff320a7bd526f39f016e53cf5f70adb error
decode 0201ac48ff593a4cc1b2564d388ec392e0ce3577d0279cccaff7e49a59aea0d72b19004f58b6590bd56437f55b62eb0a233f1c7f27079e52 error
decode 0014d8fb2eeb678da2fe35762ebe256033 4014d8fb2eeb678da2fe35762ebe256033
decode c081b6e29e8cfec5dce1fb51959968bc5bd552f6a43144426791e1c25f81befc087c20acc5e0f1407a99830cd39fda73b614924904a7d556a5 60d1080cc6226b4623511aaaeee133e1ba3f3b64d33083c750b80596d73f1b9e00000038
root 56e81f171bcc55a6ff8345e692c0f86e5b48e01b996cadc001622fb5e363b421
msg 40
end
