case keymap
keymap account 4ce200eefb89c2d5d6af1db8e965678f37322a1e 00bd20d89369439db670944ce200eefb89c2d5d6af1db8e965678f37322a1e
keymap code 4ce200eefb89c2d5d6af1db8e965678f37322a1e 00bd20d89369439db670944ce200eefb89c2d5d6af1db8e965678f37322a1e80
keymap storage 4ce200eefb89c2d5d6af1db8e965678f37322a1e 006b77cc7d52f8ebb0a464ae0fc069b2cf80a00c1d12ca226ccbb0bb0a538e5b 00bd20d89369439db670944ce200eefb89c2d5d6af1db8e965678f37322a1e0097538cbc88a80b6a0a956b77cc7d52f8ebb0a464ae0fc069b2cf80a00c1d12ca226ccbb0bb0a538e5b
keymap account 2fecd6c663cddfe880356b838dd60a9bfeaa4015 00defa87f0d340ac2220382fecd6c663cddfe880356b838dd60a9bfeaa4015
keymap code 2fecd6c663cddfe880356b838dd60a9bfeaa4015 00defa87f0d340ac2220382fecd6c663cddfe880356b838dd60a9bfeaa401580
keymap storage 2fecd6c663cddfe880356b838dd60a9bfeaa4015 0000000000000000000000000000000000000000000000000000000000000000 00defa87f0d340ac2220382fecd6c663cddfe880356b838dd60a9bfeaa401500290decd9548b62a8d60300
keymap account 8df2a013dd8fe53eac017a48169bb31c272831bc 008c2e73256c6bba3b67148df2a013dd8fe53eac017a48169bb31c272831bc
keymap code 8df2a013dd8fe53eac017a48169bb31c272831bc 008c2e73256c6bba3b67148df2a013dd8fe53eac017a48169bb31c272831bc80
keymap storage 8df2a013dd8fe53eac017a48169bb31c272831bc 0000000000000000000000000000000000000000000000000000000000000000 008c2e73256c6bba3b67148df2a013dd8fe53eac017a48169bb31c272831bc00290decd9548b62a8d60300
keymap account f390ab18734b82bd255498aec015703cc381d7d2 00d234df0ec955526fd77ef390ab18734b82bd255498aec015703cc381d7d2
keymap code f390ab18734b82bd255498aec015703cc381d7d2 00d234df0ec955526fd77ef390ab18734b82bd255498aec015703cc381d7d280
keymap storage f390ab18734b82bd255498aec015703cc381d7d2 0000000000000000000000000000000000000000000000000000000000000040 00d234df0ec955526fd77ef390ab18734b82bd255498aec015703cc381d7d200352feee0eea125f11f7940
keymap account 8e44f4fdb130c6cd7a105032ba2b5aa81d1547f9 00d3a32f0ac7fb072fb3e08e44f4fdb130c6cd7a105032ba2b5aa81d1547f9
keymap code 8e44f4fdb130c6cd7a105032ba2b5aa81d1547f9 00d3a32f0ac7fb072fb3e08e44f4fdb130c6cd7a105032ba2b5aa81d1547f980
keymap storage 8e44f4fdb130c6cd7a105032ba2b5aa81d1547f9 000000000000000000000000000000000000000000000000000000000000001b 00d3a32f0ac7fb072fb3e08e44f4fdb130c6cd7a105032ba2b5aa81d1547f9003ad8aa4f87544323a9d11b
keymap account 5a7e7d5a3832ee0056c9c31d59b14f7ad63e9af5 0035edf944ded0b70841a75a7e7d5a3832ee0056c9c31d59b14f7ad63e9af5
keymap code 5a7e7d5a3832ee0056c9c31d59b14f7ad63e9af5 0035edf944ded0b70841a75a7e7d5a3832ee0056c9c31d59b14f7ad63e9af580
keymap storage 5a7e7d5a3832ee0056c9c31d59b14f7ad63e9af5 000000000000000000000000000000000000000000000000000000000000ab49 0035edf944ded0b70841a75a7e7d5a3832ee0056c9c31d59b14f7ad63e9af500d58e0f5d6fdac44b3271ab49
keymap account e7a9793fcdc58ac47310ad74b5721975cc5b6cc9 000d1539685e0f1e7e8116e7a9793fcdc58ac47310ad74b5721975cc5b6cc9
keymap code e7a9793fcdc58ac47310ad74b5721975cc5b6cc9 000d1539685e0f1e7e8116e7a9793fcdc58ac47310ad74b5721975cc5b6cc980
keymap storage e7a9793fcdc58ac47310ad74b5721975cc5b6cc9 000000000000000000000000000000000000000000000000000000000000002b 000d1539685e0f1e7e8116e7a9793fcdc58ac47310ad74b5721975cc5b6cc90011c44e4875b74d31ff9f2b
keymap account 82c4d43293b0c57c7e6f977687cd932c02adf392 00c3635c15f94fe5ad397d82c4d43293b0c57c7e6f977687cd932c02adf392
keymap code 82c4d43293b0c57c7e6f977687cd932c02adf392 00c3635c15f94fe5ad397d82c4d43293b0c57c7e6f977687cd932c02adf39280
keymap storage 82c4d43293b0c57c7e6f977687cd932c02adf392 0000000000000000000000000000000000000000000000000000000000000000 00c3635c15f94fe5ad397d82c4d43293b0c57c7e6f977687cd932c02adf39200290decd9548b62a8d60300
keymap account c3505ca51097ff0340548bc49c4bd38816fae587 0065a5ca569d29a87b3bcdc3505ca51097ff0340548bc49c4bd38816fae587
keymap code c3505ca51097ff0340548bc49c4bd38816fae587 0065a5ca569d29a87b3bcdc3505ca51097ff0340548bc49c4bd38816fae58780
keymap storage c3505ca51097ff0340548bc49c4bd38816fae587 000000000000000000000000000000000000000000000000000000a486df1139 0065a5ca569d29a87b3bcdc3505ca51097ff0340548bc49c4bd38816fae58700486bfeb2ae0619e23e1fa486df1139
keymap account 5702ea671e747383f3198ac2e00dd3bc9ac0a5bc 00b8a17e247630bbbab5745702ea671e747383f3198ac2e00dd3bc9ac0a5bc
keymap code 5702ea671e747383f3198ac2e00dd3bc9ac0a5bc 00b8a17e247630bbbab5745702ea671e747383f3198ac2e00dd3bc9ac0a5bc80
keymap storage 5702ea671e747383f3198ac2e00dd3bc9ac0a5bc 00000000000000000000000000000000000000000000000000000000000000ec 00b8a17e247630bbbab5745702ea671e747383f3198ac2e00dd3bc9ac0a5bc00e7dfac380f4a6ed3a03eec
keymap account b6cb6cc3ba6122544dc7a0ba013391579a2a7a67 0022926f5911c7f115196fb6cb6cc3ba6122544dc7a0ba013391579a2a7a67
keymap code b6cb6cc3ba6122544dc7a0ba013391579a2a7a67 0022926f5911c7f115196fb6cb6cc3ba6122544dc7a0ba013391579a2a7a6780
keymap storage b6cb6cc3ba6122544dc7a0ba013391579a2a7a67 00ccde31a49f18522687808b93842aed66ddb4b85431aa57b12e71dba1ae20c5 0022926f5911c7f115196fb6cb6cc3ba6122544dc7a0ba013391579a2a7a6700eb4feb675f733475e237ccde31a49f18522687808b93842aed66ddb4b85431aa57b12e71dba1ae20c5
keymap account fe3c74ebe4d09f70d7a19fe358b3612934fe50eb 005ff48124b7635c274a99fe3c74ebe4d09f70d7a19fe358b3612934fe50eb
keymap code fe3c74ebe4d09f70d7a19fe358b3612934fe50eb 005ff48124b7635c274a99fe3c74ebe4d09f70d7a19fe358b3612934fe50eb80
keymap storage fe3c74ebe4d09f70d7a19fe358b3612934fe50eb 0000000000000000000000000000000000000000000000000000000000000034 005ff48124b7635c274a99fe3c74ebe4d09f70d7a19fe358b3612934fe50eb0046bddb1178e94d7f289234
keymap account 15e63592aeeaefe8522b8a21361986bfd64983a8 009ea3fc7f51349ba8ae0315e63592aeeaefe8522b8a21361986bfd64983a8
keymap code 15e63592aeeaefe8522b8a21361986bfd64983a8 009ea3fc7f51349ba8ae0315e63592aeeaefe8522b8a21361986bfd64983a880
keymap storage 15e63592aeeaefe8522b8a21361986bfd64983a8 0000000000000000000000000000000000000000000000000000000000000065 009ea3fc7f51349ba8ae0315e63592aeeaefe8522b8a21361986bfd64983a8008ff97419363ffd70001665
keymap account 9e166a8198df3919defd4d31fe821355e97f2f52 00ddfc6a223c79ee8659b39e166a8198df3919defd4d31fe821355e97f2f52
keymap code 9e166a8198df3919defd4d31fe821355e97f2f52 00ddfc6a223c79ee8659b39e166a8198df3919defd4d31fe821355e97f2f5280
keymap storage 9e166a8198df3919defd4d31fe821355e97f2f52 000000000000000000000000000000000000000000000000000000000000007e 00ddfc6a223c79ee8659b39e166a8198df3919defd4d31fe821355e97f2f52000f2ada1f2dbae48ae4687e
keymap account b0f08bb22a7d115378e4e498f2d5cfb8bd97ad32 007b0513e856903f37231bb0f08bb22a7d115378e4e498f2d5cfb8bd97ad32
keymap code b0f08bb22a7d115378e4e498f2d5cfb8bd97ad32 007b0513e856903f37231bb0f08bb22a7d115378e4e498f2d5cfb8bd97ad3280
keymap storage b0f08bb22a7d115378e4e498f2d5cfb8bd97ad32 0000000000000000000000000000000000000000000000000000000000000000 007b0513e856903f37231bb0f08bb22a7d115378e4e498f2d5cfb8bd97ad3200290decd9548b62a8d60300
keymap account c4285f8d7718bebccd715bb4b0e9d9260cd450a1 0040dfa6b4df60dd7f6748c4285f8d7718bebccd715bb4b0e9d9260cd450a1
keymap code c4285f8d7718bebccd715bb4b0e9d9260cd450a1 0040dfa6b4df60dd7f6748c4285f8d7718bebccd715bb4b0e9d9260cd450a180
keymap storage c4285f8d7718bebccd715bb4b0e9d9260cd450a1 005b2b3f4779b77f27731b19ce005210b14f7813eaf03a484b278b1e89c6f8bd 0040dfa6b4df60dd7f6748c4285f8d7718bebccd715bb4b0e9d9260cd450a1002b718572b56669cc11cd5b2b3f4779b77f27731b19ce005210b14f7813eaf03a484b278b1e89c6f8bd
keymap account 2e3f196c49765383579ddb50151fef1bebc57ac1 00ab38248422676de96f212e3f196c49765383579ddb50151fef1bebc57ac1
keymap code 2e3f196c49765383579ddb50151fef1bebc57ac1 00ab38248422676de96f212e3f196c49765383579ddb50151fef1bebc57ac180
keymap storage 2e3f196c49765383579ddb50151fef1bebc57ac1 0000000000000000000000000000000000000000000000000000000000000009 00ab38248422676de96f212e3f196c49765383579ddb50151fef1bebc57ac1006e1540171b6c0c960b7109
keymap account 82cf65306e4cfe0c6e340bab4686ed365875569f 004e2fbb59795e26f0846582cf65306e4cfe0c6e340bab4686ed365875569f
keymap code 82cf65306e4cfe0c6e340bab4686ed365875569f 004e2fbb59795e26f0846582cf65306e4cfe0c6e340bab4686ed365875569f80
keymap storage 82cf65306e4cfe0c6e340bab4686ed365875569f 0000000000000000000000000000000000000000000000000000000000000052 004e2fbb59795e26f0846582cf65306e4cfe0c6e340bab4686ed365875569f00a9144a5e7efd259b8b0d52
keymap account 0e696f360027de3294ea2481fd6ce0c76f7f6f60 00f12280252eb31b3645e10e696f360027de3294ea2481fd6ce0c76f7f6f60
keymap code 0e696f360027de3294ea2481fd6ce0c76f7f6f60 00f12280252eb31b3645e10e696f360027de3294ea2481fd6ce0c76f7f6f6080
keymap storage 0e696f360027de3294ea2481fd6ce0c76f7f6f60 0000000000000000000000000000000000000000000000000000000000000000 00f12280252eb31b3645e10e696f360027de3294ea2481fd6ce0c76f7f6f6000290decd9548b62a8d60300
keymap account 2ad7282a069033777f64102ddaea0e2b62df8390 0064bb7989404b5ad7a9c72ad7282a069033777f64102ddaea0e2b62df8390
keymap code 2ad7282a069033777f64102ddaea0e2b62df8390 0064bb7989404b5ad7a9c72ad7282a069033777f64102ddaea0e2b62df839080
keymap storage 2ad7282a069033777f64102ddaea0e2b62df8390 00000000000000000000000000000000000000000000000000000000000000b0 0064bb7989404b5ad7a9c72ad7282a069033777f64102ddaea0e2b62df839000238ba8d0207854484743b0
keymap account 4a079511681ed9abd3c76145d25530ed27700a0a 003f3c2361833cffd02dd44a079511681ed9abd3c76145d25530ed27700a0a
keymap code 4a079511681ed9abd3c76145d25530ed27700a0a 003f3c2361833cffd02dd44a079511681ed9abd3c76145d25530ed27700a0a80
keymap storage 4a079511681ed9abd3c76145d25530ed27700a0a 00000000000000000000000000000000000000000000000000000000000000e1 003f3c2361833cffd02dd44a079511681ed9abd3c76145d25530ed27700a0a003efdd7a884ff9e18c9e5e1
keymap account fd86aa13a06db140627c08b9cd16612a5acd382c 00da6ee8001714d94d01a3fd86aa13a06db140627c08b9cd16612a5acd382c
keymap code fd86aa13a06db140627c08b9cd16612a5acd382c 00da6ee8001714d94d01a3fd86aa13a06db140627c08b9cd16612a5acd382c80
keymap storage fd86aa13a06db140627c08b9cd16612a5acd382c 000000000000000000000000000000000000000000000000000000fa30c35fae 00da6ee8001714d94d01a3fd86aa13a06db140627c08b9cd16612a5acd382c00b7ece1f91cd0542a75f4fa30c35fae
keymap account 026c9b968d3df566d0c02e4e94f310e784af342d 0099f465949e746d24d321026c9b968d3df566d0c02e4e94f310e784af342d
keymap code 026c9b968d3df566d0c02e4e94f310e784af342d 0099f465949e746d24d321026c9b968d3df566d0c02e4e94f310e784af342d80
keymap storage 026c9b968d3df566d0c02e4e94f310e784af342d 0000000000000000000000000000000000000000000000000000000000000000 0099f465949e746d24d321026c9b968d3df566d0c02e4e94f310e784af342d00290decd9548b62a8d60300
keymap account f7645d6bae678b55480a022edb7763ddb0853601 00f326840eea8682a72317f7645d6bae678b55480a022edb7763ddb0853601
keymap code f7645d6bae678b55480a022edb7763ddb0853601 00f326840eea8682a72317f7645d6bae678b55480a022edb7763ddb085360180
keymap storage f7645d6bae678b55480a022edb7763ddb0853601 00000000000000000000000000000000000000000000000000000000000000d0 00f326840eea8682a72317f7645d6bae678b55480a022edb7763ddb085360100e89d44c8fd6a9bac8af3d0
keymap account 6a94963ba5be2d6c3498e822a92984c8a39a1f88 00a845c5c67115dcd83eb96a94963ba5be2d6c3498e822a92984c8a39a1f88
keymap code 6a94963ba5be2d6c3498e822a92984c8a39a1f88 00a845c5c67115dcd83eb96a94963ba5be2d6c3498e822a92984c8a39a1f8880
keymap storage 6a94963ba5be2d6c3498e822a92984c8a39a1f88 0000000000000000000000000000000000000000000000000000000000000049 00a845c5c67115dcd83eb96a94963ba5be2d6c3498e822a92984c8a39a1f880037e472f504e93744df8049
keymap account 8c312abaaa3647c9b20c577d58692f15413bfbb7 00d65a6b1c451dd2d8492e8c312abaaa3647c9b20c577d58692f15413bfbb7
keymap code 8c312abaaa3647c9b20c577d58692f15413bfbb7 00d65a6b1c451dd2d8492e8c312abaaa3647c9b20c577d58692f15413bfbb780
keymap storage 8c312abaaa3647c9b20c577d58692f15413bfbb7 0000000000000000000000000000000000000000000000000000008b39374c31 00d65a6b1c451dd2d8492e8c312abaaa3647c9b20c577d58692f15413bfbb700ca79a5aa485d4dc6782f8b39374c31
keymap account 9e8f814eb01120bb03616331d8d6482a9d332d78 001de90866279a4e4196659e8f814eb01120bb03616331d8d6482a9d332d78
keymap code 9e8f814eb01120bb03616331d8d6482a9d332d78 001de90866279a4e4196659e8f814eb01120bb03616331d8d6482a9d332d7880
keymap storage 9e8f814eb01120bb03616331d8d6482a9d332d78 0000000000000000000000000000000000000000000000000000000000003828 001de90866279a4e4196659e8f814eb01120bb03616331d8d6482a9d332d780055a521b1425a7b268db03828
keymap account 9e41351748d8667033737e4acee43a2e3b0938e3 0010e1c1bea6f831b1c9699e41351748d8667033737e4acee43a2e3b0938e3
keymap code 9e41351748d8667033737e4acee43a2e3b0938e3 0010e1c1bea6f831b1c9699e41351748d8667033737e4acee43a2e3b0938e380
keymap storage 9e41351748d8667033737e4acee43a2e3b0938e3 0000000000000000000000000000000000000000000000000000000000000000 0010e1c1bea6f831b1c9699e41351748d8667033737e4acee43a2e3b0938e300290decd9548b62a8d60300
keymap account 2ca4f7309f8ebf7390dde7051c928a94a0e7f201 009a5e7ab70ee6bf6942fc2ca4f7309f8ebf7390dde7051c928a94a0e7f201
keymap code 2ca4f7309f8ebf7390dde7051c928a94a0e7f201 009a5e7ab70ee6bf6942fc2ca4f7309f8ebf7390dde7051c928a94a0e7f20180
keymap storage 2ca4f7309f8ebf7390dde7051c928a94a0e7f201 000000000000000000000000000000000000000000000000000000000000042e 009a5e7ab70ee6bf6942fc2ca4f7309f8ebf7390dde7051c928a94a0e7f20100c5f733e5deb2933b3d50042e
keymap account 9175bd5dd9d23257a1bf992640083e7e4442ae03 0021da92df96d21d3dce099175bd5dd9d23257a1bf992640083e7e4442ae03
keymap code 9175bd5dd9d23257a1bf992640083e7e4442ae03 0021da92df96d21d3dce099175bd5dd9d23257a1bf992640083e7e4442ae0380
keymap storage 9175bd5dd9d23257a1bf992640083e7e4442ae03 90ae3a87c4fa2948856bea993b263f001d040e8c00d21595b869bf9b89984fa7 0021da92df96d21d3dce099175bd5dd9d23257a1bf992640083e7e4442ae0300e94cf51853564d80935490ae3a87c4fa2948856bea993b263f001d040e8c00d21595b869bf9b89984fa7
keymap account 69935e7d8e96b0088b3b1344c8fc1d69f01df62b 00d26a9e42851b131462da69935e7d8e96b0088b3b1344c8fc1d69f01df62b
keymap code 69935e7d8e96b0088b3b1344c8fc1d69f01df62b 00d26a9e42851b131462da69935e7d8e96b0088b3b1344c8fc1d69f01df62b80
keymap storage 69935e7d8e96b0088b3b1344c8fc1d69f01df62b 0000000000000000000000000000000000000000000000000000000000000056 00d26a9e42851b131462da69935e7d8e96b0088b3b1344c8fc1d69f01df62b00ea7419f5ae821e72048656
keymap account 24a54042d0176571dc48334ef9c32f2b76fb061c 00eea76d5cacccab921f3424a54042d0176571dc48334ef9c32f2b76fb061c
keymap code 24a54042d0176571dc48334ef9c32f2b76fb061c 00eea76d5cacccab921f3424a54042d0176571dc48334ef9c32f2b76fb061c80
keymap storage 24a54042d0176571dc48334ef9c32f2b76fb061c 000000000000000000000000000000000000000000000000000000fda20016b5 00eea76d5cacccab921f3424a54042d0176571dc48334ef9c32f2b76fb061c00cb75055d9ed5206663e1fda20016b5
keymap account 00675c8772792462573b4f5f990e76dad31c4d7f 001587d020e04abb00b0d200675c8772792462573b4f5f990e76dad31c4d7f
keymap code 00675c8772792462573b4f5f990e76dad31c4d7f 001587d020e04abb00b0d200675c8772792462573b4f5f990e76dad31c4d7f80
keymap storage 00675c8772792462573b4f5f990e76dad31c4d7f 00b51f3503cc83d8d002661ab8364bc1ceefc695f75fbbfad4bcbe78fc328d9d 001587d020e04abb00b0d200675c8772792462573b4f5f990e76dad31c4d7f0040b7efb16be7548c8591b51f3503cc83d8d002661ab8364bc1ceefc695f75fbbfad4bcbe78fc328d9d
keymap account 81a5aa7bed35e7d83faf88501becdea72b02f3e0 00e3fbbca0be2bd0ff21ed81a5aa7bed35e7d83faf88501becdea72b02f3e0
keymap code 81a5aa7bed35e7d83faf88501becdea72b02f3e0 00e3fbbca0be2bd0ff21ed81a5aa7bed35e7d83faf88501becdea72b02f3e080
keymap storage 81a5aa7bed35e7d83faf88501becdea72b02f3e0 000000000000000000000000000000000000000000000000000000000000178d 00e3fbbca0be2bd0ff21ed81a5aa7bed35e7d83faf88501becdea72b02f3e000a644a8d3104fddd85210178d
keymap account c8bc8a49b7e104225f7fa07d33255c22559cdc67 0090aada19d5feae62ba9cc8bc8a49b7e104225f7fa07d33255c22559cdc67
keymap code c8bc8a49b7e104225f7fa07d33255c22559cdc67 0090aada19d5feae62ba9cc8bc8a49b7e104225f7fa07d33255c22559cdc6780
keymap storage c8bc8a49b7e104225f7fa07d33255c22559cdc67 000000000000000000000000000000000000000000000000000000000000bcf3 0090aada19d5feae62ba9cc8bc8a49b7e104225f7fa07d33255c22559cdc6700c1dd00bd4c098f5d3e09bcf3
keymap account b845f861c7d8581ba1a98ee04573ce61595b6ace 0058da2448dae472faa1c7b845f861c7d8581ba1a98ee04573ce61595b6ace
keymap code b845f861c7d8581ba1a98ee04573ce61595b6ace 0058da2448dae472faa1c7b845f861c7d8581ba1a98ee04573ce61595b6ace80
keymap storage b845f861c7d8581ba1a98ee04573ce61595b6ace 0000000000000000000000000000000000000000000000000000000000000000 0058da2448dae472faa1c7b845f861c7d8581ba1a98ee04573ce61595b6ace00290decd9548b62a8d60300
keymap account 95572f745ed948db9e9b22bc4b03b8158a1c7d22 00cbdcbfc5d9c06964ddbc95572f745ed948db9e9b22bc4b03b8158a1c7d22
keymap code 95572f745ed948db9e9b22bc4b03b8158a1c7d22 00cbdcbfc5d9c06964ddbc95572f745ed948db9e9b22bc4b03b8158a1c7d2280
keymap storage 95572f745ed948db9e9b22bc4b03b8158a1c7d22 73b687ed87724cedbcec34a640f5ae6aa87802f8911af0334c93a7fb3bd52e9c 00cbdcbfc5d9c06964ddbc95572f745ed948db9e9b22bc4b03b8158a1c7d2200e5b00b6a9d8def6fdbd673b687ed87724cedbcec34a640f5ae6aa87802f8911af0334c93a7fb3bd52e9c
keymap account 1830c2532a509ec6c0c7c8475bc8b1aff1c155b2 008dbff98ef5bf7e5452751830c2532a509ec6c0c7c8475bc8b1aff1c155b2
keymap code 1830c2532a509ec6c0c7c8475bc8b1aff1c155b2 008dbff98ef5bf7e5452751830c2532a509ec6c0c7c8475bc8b1aff1c155b280
keymap storage 1830c2532a509ec6c0c7c8475bc8b1aff1c155b2 0000000000000000000000000000000000000000000000000000000000000000 008dbff98ef5bf7e5452751830c2532a509ec6c0c7c8475bc8b1aff1c155b200290decd9548b62a8d60300
keymap account 3c03804aafce3f8e81351a6855723e72cc427a3d 00e2316fa8935871e78cd23c03804aafce3f8e81351a6855723e72cc427a3d
keymap code 3c03804aafce3f8e81351a6855723e72cc427a3d 00e2316fa8935871e78cd23c03804aafce3f8e81351a6855723e72cc427a3d80
keymap storage 3c03804aafce3f8e81351a6855723e72cc427a3d 000000000000000000000000000000000000000000000000000000000000000c 00e2316fa8935871e78cd23c03804aafce3f8e81351a6855723e72cc427a3d00df6966c971051c3d54ec0c
keymap account fd01598ef1c1f3fe28e81db9ceb036c415542f6f 00be155308c9995e54eb6bfd01598ef1c1f3fe28e81db9ceb036c415542f6f
keymap code fd01598ef1c1f3fe28e81db9ceb036c415542f6f 00be155308c9995e54eb6bfd01598ef1c1f3fe28e81db9ceb036c415542f6f80
keymap storage fd01598ef1c1f3fe28e81db9ceb036c415542f6f 002d2b3580d4342c7a99ec08e9cee13c3193934a3a3fdfac1fff8117320513fc 00be155308c9995e54eb6bfd01598ef1c1f3fe28e81db9ceb036c415542f6f00b12b96a1421862a83db42d2b3580d4342c7a99ec08e9cee13c3193934a3a3fdfac1fff8117320513fc
root 56e81f171bcc55a6ff8345e692c0f86e5b48e01b996cadc001622fb5e363b421
msg 40
end
