case repro-decode
decode 5000ff01 50008001
decode 50ff050001 50040001
decode 50fffd05000001 50040001
decode 50ffff05000000010000000001 50040001
decode 50ff0001 4001
decode 5a07000450060002fd040001 5a070004500600020401
decode c001 4001
decode 8001 4001
decode 00 40
decode 0101 4001
decode 4a224811111111111111111111111111111111111111111111111111111111111111110000 486bcce597fcb9f2163de5c2a87a51f23539b97b7ba5ff80543e7efd815f0bc49b00
decode 40000000000000000000000000000000000000000000000000000000000000000000 60f39a869f62e75cf5f0bf914688a6b289caf2049435d8e68c5c5e6d05e44913f3000021
decode 60aaaaaaaaaaaaaaaaaaaaaaaaaaaaaaaaaaaaaaaaaaaaaaaaaaaaaaaaaaaaaaaa000001 error
decode 60aaaaaaaaaaaaaaaaaaaaaaaaaaaaaaaaaaaaaaaaaaaaaaaaaaaaaaaaaaaaaaaa000000 40
decode 4201 4001
decode 4a01400001 4001
decode 5a070004500600020501 5a070004500600020501
root 56e81f171bcc55a6ff8345e692c0f86e5b48e01b996cadc001622fb5e363b421
msg 40
end
case repro-empty
root 56e81f171bcc55a6ff8345e692c0f86e5b48e01b996cadc001622fb5e363b421
msg 40
end
case repro-node-04
step 1 89a1f3e119bd6c8eb6d2ecb984098cf57992d42c7fae18df1d1ccc353e6c7fa3
step 2 9a2ecbf094f317894f592cb5905fa97ea21f9946817e25e92ac262ad4d0e6761
root 9a2ecbf094f317894f592cb5905fa97ea21f9946817e25e92ac262ad4d0e6761
msg 5a070004500600020401
get 00 01
get 0000 02
end
case repro-emb-03
step 1 bc3247e8b3035f49cf67f89114c6c45f7bc6461b115dce8b856899df95eb21a8
step 2 d9819d574d05ff150b9bda6f6d4d9ba7c20b06c0d9ff15f5bb4b58416620af5f
root d9819d574d05ff150b9bda6f6d4d9ba7c20b06c0d9ff15f5bb4b58416620af5f
msg 4f2b50ff3f00000000000000005a5a5a5a5a5a5a5a5a5a5a5a5a5a5a5a5a5a5a5a5a5a5a5a5a5a5a5a5a5a5a5a2b50ff3f00000000000000005a5a5a5a5a5a5a5a5a5a5a5a5a5a5a5a5a5a5a5a5a5a5a5a5a5a5a5a5a5a5a5a56
get 0000000000000000 5a5a5a5a5a5a5a5a5a5a5a5a5a5a5a5a5a5a5a5a5a5a5a5a5a5a5a5a5a5a5a5a
get 8000000000000000 5a5a5a5a5a5a5a5a5a5a5a5a5a5a5a5a5a5a5a5a5a5a5a5a5a5a5a5a5a5a5a5a
end
case repro-node-08
step 1 72d8c0591bfefbf3ea66af715ee535a29d3e50a21ca2b2d5436d536dfea5d917
step 2 9ce3dc0dfe1cb814df6f0dcb4c58b107c9a58399cf07b9d78f4c27a2eacc1b83
root 9ce3dc0dfe1cb814df6f0dcb4c58b107c9a58399cf07b9d78f4c27a2eacc1b83
msg 7a0701045006020204034ef2adf2deaa46a3b4d9ca2a21a4ab513d60477f6a454ba9dde60a9b3e4803000021
get 01 ababababababababababababababababababababababababababababababababab
get 0101 02
end
case repro-hash-04-unloaded
hash 04f34ee97cf2a14000f85019454fadba552e3f43ccf5c65324fc256cff19b19b
root 04f34ee97cf2a14000f85019454fadba552e3f43ccf5c65324fc256cff19b19b
msg 48196550c4c21ed1db8731b699b81b52a83ea6f08d4b99067f0459dc44796f9a8b04
end
case repro-hash-04-loaded
getk 00 01
hash d8921fa4eb08dd7a6e7c2b65fc78ede7ffcdf35b2d4bd02e3da08d20b3d085de
root d8921fa4eb08dd7a6e7c2b65fc78ede7ffcdf35b2d4bd02e3da08d20b3d085de
msg 4a045006000104
end
